java.lang.NoClassDefFoundError: com/google/common/base/Splitter
	at com.google.googlejavaformat.java.CommandLineOptionsParser.<clinit>(CommandLineOptionsParser.java:35)
	at com.google.googlejavaformat.java.Main.processArgs(Main.java:243)
	at com.google.googlejavaformat.java.Main.format(Main.java:102)
	at com.google.googlejavaformat.java.Main.main(Main.java:83)
	at com.google.googlejavaformat.java.Main.main(Main.java:72)
Caused by: java.lang.ClassNotFoundException: com.google.common.base.Splitter
	at java.base/jdk.internal.loader.BuiltinClassLoader.loadClass(BuiltinClassLoader.java:641)
	at java.base/jdk.internal.loader.ClassLoaders$AppClassLoader.loadClass(ClassLoaders.java:188)
	at java.base/java.lang.ClassLoader.loadClass(ClassLoader.java:525)
	... 5 more
Exception in thread "main" java.lang.NoClassDefFoundError: com/google/common/base/Joiner
	at com.google.googlejavaformat.java.UsageException.<clinit>(UsageException.java:24)
	at com.google.googlejavaformat.java.Main.processArgs(Main.java:248)
	at com.google.googlejavaformat.java.Main.format(Main.java:102)
	at com.google.googlejavaformat.java.Main.main(Main.java:83)
	at com.google.googlejavaformat.java.Main.main(Main.java:72)
Caused by: java.lang.ClassNotFoundException: com.google.common.base.Joiner
	at java.base/jdk.internal.loader.BuiltinClassLoader.loadClass(BuiltinClassLoader.java:641)
	at java.base/jdk.internal.loader.ClassLoaders$AppClassLoader.loadClass(ClassLoaders.java:188)
	at java.base/java.lang.ClassLoader.loadClass(ClassLoader.java:525)
	... 5 more
